// Jest Snapshot v1, https://goo.gl/fbAQLP

exports[`matches snapshot 1`] = `
<DocumentFragment>
  <div
    class="alert mt-3 alert-danger"
    role="alert"
  >
    <p
      class="mb-0 small"
    >
      Hello!
    </p>
  </div>
</DocumentFragment>
`;
