// Jest Snapshot v1, https://goo.gl/fbAQLP

exports[`matches snapshot 1`] = `
<DocumentFragment>
  <div
    class="AvailabilityEditForm mt-3"
  >
    <div
      class="container"
    >
      <h2
        class="mb-3"
      >
        Update availability
      </h2>
      <div
        class="card"
      >
        <div
          class="card-body"
        >
          <form>
            <div
              class="form-group"
            >
              <label>
                Start date:
              </label>
              <input
                class="form-control"
                min="2022-04-02"
                name="startDate"
                type="date"
                value="2022-04-02"
              />
            </div>
            <div
              class="form-group"
            >
              <label>
                End date:
              </label>
              <input
                class="form-control"
                min="2022-04-02"
                name="endDate"
                type="date"
                value="2022-04-20"
              />
            </div>
            <div
              class="form-group"
            >
              <label>
                Role:
              </label>
              <select
                class="form-select"
                name="roleId"
              >
                <option
                  value="1"
                >
                  Host
                </option>
                <option
                  value="2"
                >
                  Pet Owner
                </option>
              </select>
            </div>
            <div
              class="container mt-4"
            >
              <button
                class="btn btn-primary btn-block"
              >
                 
                <data
                  value="1"
                />
                Save
              </button>
              <button
                class="btn btn-warning btn-block ms-4"
              >
                Cancel
              </button>
            </div>
          </form>
        </div>
      </div>
    </div>
  </div>
</DocumentFragment>
`;
