// Jest Snapshot v1, https://goo.gl/fbAQLP

exports[`matches snapshot 1`] = `
<DocumentFragment>
  <main
    class="flex-shrink-0"
  >
    <nav
      class="navbar navbar-expand-sm"
      direction="horizontal"
    >
      <div
        class="container-fluid"
      >
        <a
          aria-current="page"
          class="navbar-brand active"
          href="/"
        >
          <div
            class="d-flex"
          >
            <img
              alt="Host a Pet"
              src="logo.png"
            />
            <h1
              class="my-auto"
            >
              Host a Pet
            </h1>
          </div>
        </a>
        <ul
          class="ms-5 navbar-nav"
        >
          <li
            class="nav-item"
          >
            <a
              aria-current="page"
              class="mr-2 active"
              href="/"
            >
              Home
            </a>
          </li>
          <li
            class="nav-item"
          >
            <a
              class="mr-2"
              href="/newBooking"
            >
              New Booking
            </a>
          </li>
          <li
            class="nav-item"
          >
            <a
              class="mr-2"
              href="/myBookings"
            >
              My Bookings
            </a>
          </li>
          <li
            class="nav-item"
          >
            <a
              class="mr-2"
              href="/myAvailabilities"
            >
              My Availabilities
            </a>
          </li>
          <li
            class="nav-item"
          >
            <a
              class="mr-2"
              href="/myPets"
            >
              My Pets
            </a>
          </li>
          <li
            class="nav-item"
          >
            <a
              class=""
              href="/myProfile"
            >
              My Profile
            </a>
          </li>
        </ul>
        <div
          class="login"
        >
          <a
            class=""
            href="/login"
          >
            Login
          </a>
          <a
            class="ms-3"
            href="/signup"
          >
            Sign Up
          </a>
        </div>
      </div>
    </nav>
    <div
      class="container mt-3"
    >
      <h1
        class="text-center"
      >
        Host a Pet!
      </h1>
      <p
        class="text-center"
      >
        We connect pet owners and pet hosts for amazing experiences. Sign up today and either search for a pet to host or someone to host your pet. You can browse by distance from your postal code, or filter results by host and pet owner ratings.
      </p>
      <p>
        Review hostings, assigning a score, or go through previous hostings feedback to help you choose the best host for your pet, or the best pet for you to host.
      </p>
      <img
        class="img-fluid rounded mx-auto d-block"
        src="pets.jpeg"
      />
    </div>
  </main>
  <footer
    class="footer mt-auto py-3"
  >
    <p
      class="text-center my-auto"
    >
      Â© Fabio Speroni 2022
    </p>
  </footer>
</DocumentFragment>
`;
