// Jest Snapshot v1, https://goo.gl/fbAQLP

exports[`matches snapshot 1`] = `
<DocumentFragment>
  <div
    class="MyBookings mt-3"
  >
    <div
      class="container"
    />
  </div>
</DocumentFragment>
`;
