// Jest Snapshot v1, https://goo.gl/fbAQLP

exports[`matches snapshot 1`] = `
<DocumentFragment>
  <div
    class="MyPets"
  >
    <div
      class="container col-md-6 offset-md-3 col-lg-4 offset-lg-4"
    >
      <h2
        class="mb-3"
      >
        My Pets
      </h2>
      <h3
        class="ms-2"
      >
        No pets added yet
      </h3>
    </div>
    <div
      class="AddPetForm mt-3 mb-3"
    >
      <div
        class="container col-md-6 offset-md-3 col-lg-4 offset-lg-4"
      >
        <h2
          class="mb-3"
        >
          Add a Pet
        </h2>
        <div
          class="card"
        >
          <div
            class="card-body"
          >
            <form>
              <div
                class="form-group"
              >
                <label>
                  Name:
                </label>
                <input
                  class="form-control"
                  name="name"
                  required=""
                  value=""
                />
              </div>
              <div
                class="form-group"
              >
                <label>
                  Type:
                </label>
                <select
                  class="form-select"
                  name="type"
                >
                  <option
                    required=""
                    value=""
                  >
                    Select one
                  </option>
                  <option
                    value="Cat"
                  >
                    Cat
                  </option>
                  <option
                    value="Dog"
                  >
                    Dog
                  </option>
                </select>
              </div>
              <div
                class="form-group"
              >
                <label>
                  Photo:
                </label>
                <input
                  class="form-control"
                  name="photo"
                  type="url"
                  value=""
                />
              </div>
              <div
                class="container mt-4"
              >
                <button
                  class="btn btn-primary btn-block"
                >
                  Add
                </button>
                <button
                  class="btn btn-warning btn-block ms-4"
                >
                  Cancel
                </button>
              </div>
            </form>
          </div>
        </div>
      </div>
    </div>
  </div>
</DocumentFragment>
`;
