// Jest Snapshot v1, https://goo.gl/fbAQLP

exports[`matches snapshot 1`] = `
<DocumentFragment>
  <div
    class="EditPetForm mt-3"
  >
    <div
      class="container"
    >
      <h2
        class="mb-3"
      >
        Update pet info
      </h2>
      <div
        class="card"
      >
        <div
          class="card-body"
        >
          <form>
            <div
              class="form-group"
            >
              <label>
                Name:
              </label>
              <input
                class="form-control"
                name="name"
                required=""
                value="Garfield1"
              />
            </div>
            <div
              class="form-group"
            >
              <label>
                Type:
              </label>
              <select
                class="form-select"
                name="type"
                required=""
              >
                <option
                  value="Dog"
                >
                  Dog
                </option>
                <option
                  value="Cat"
                >
                  Cat
                </option>
              </select>
            </div>
            <div
              class="form-group"
            >
              <label>
                Photo:
              </label>
              <input
                class="form-control"
                name="photo"
                type="url"
                value="/static/media/dog.4b90f018c1cda3590605.jpeg"
              />
            </div>
            <div
              class="container mt-4"
            >
              <button
                class="btn btn-primary btn-block"
              >
                 
                <data
                  value="23"
                />
                Save
              </button>
              <button
                class="btn btn-warning btn-block ms-4"
              >
                Cancel
              </button>
            </div>
          </form>
        </div>
      </div>
    </div>
  </div>
</DocumentFragment>
`;
