// Jest Snapshot v1, https://goo.gl/fbAQLP

exports[`matches snapshot 1`] = `
<DocumentFragment>
  <div
    class="RoleEditForm mt-3"
  >
    <div
      class="container"
    >
      <h2
        class="mb-3"
      >
        Update role
      </h2>
      <div
        class="card"
      >
        <div
          class="card-body"
        >
          <form>
            <div
              class="form-group"
            >
              <label>
                Name:
              </label>
              <input
                class="form-control"
                name="name"
                required=""
                value="Pet Owner"
              />
            </div>
            <div
              class="container mt-4"
            >
              <button
                class="btn btn-primary btn-block"
              >
                 
                <data
                  value="2"
                />
                Save
              </button>
              <button
                class="btn btn-warning btn-block ms-4"
              >
                Cancel
              </button>
            </div>
          </form>
        </div>
      </div>
    </div>
  </div>
</DocumentFragment>
`;
